// Jest Snapshot v1, https://goo.gl/fbAQLP

exports[`CategoriesListTemplate renders correctly 1`] = `
<div
  className="layout"
>
  <div
    className="page"
  >
    <div
      className="page__inner"
    >
      <h1
        className="page__title"
      >
        Categories
      </h1>
      <div
        className="page__body"
      >
        <ul>
          <li>
            <a
              href="/category/test-0/"
            >
              test_0
               (
              1
              )
            </a>
          </li>
          <li>
            <a
              href="/category/test-1/"
            >
              test_1
               (
              2
              )
            </a>
          </li>
        </ul>
      </div>
    </div>
  </div>
</div>
`;
