// Jest Snapshot v1, https://goo.gl/fbAQLP

exports[`Layout renders correctly 1`] = `
<div
  className="layout"
>
  <div
    className="navbar"
  >
    <nav
      className="navbar__inner"
    >
      <ul
        className="navbar__inner_list"
      >
        <li
          className="navbar__inner_list_item"
        >
          <a
            href="/"
          />
        </li>
        <li
          className="navbar__inner_list_item"
        >
          <nav
            className="menu"
          >
            <ul
              className="menu__list"
            >
              <li
                className="menu__list-item"
              >
                <a
                  className="menu__list-item-link"
                  href="/test/1/"
                >
                  Test label 1
                </a>
              </li>
              <li
                className="menu__list-item"
              >
                <a
                  className="menu__list-item-link"
                  href="/test/2/"
                >
                  Test label 2
                </a>
              </li>
              <li
                className="menu__list-item"
              >
                <a
                  className="menu__list-item-link"
                  href="/test/3/"
                >
                  Test label 3
                </a>
              </li>
            </ul>
          </nav>
          <div
            className="newsletter__module"
          >
            <div
              className="newsletter__module__inner"
            >
              <div
                className="newsletter__module__form"
              >
                <form
                  className="newsletter__module__form__subscribe__navbar"
                  onSubmit={[Function]}
                >
                  <input
                    className="newsletter__module__form__subscribe__input"
                    id="email"
                    name="email"
                    onChange={[Function]}
                    placeholder="Newsletter"
                    required={true}
                    type="email"
                    value=""
                  />
                  <button
                    className="newsletter__module__form__subscribe__submit button"
                    type="submit"
                  >
                    S'abonner
                  </button>
                  <h6
                    className="newsletter__module__form__message"
                  >
                    
                  </h6>
                </form>
              </div>
            </div>
          </div>
        </li>
      </ul>
    </nav>
  </div>
  test
  <div
    className="footer"
  >
    <div
      className="footer__inner"
    >
      <div
        className="footer__inner__row"
      >
        <ul
          className="footer__list"
        >
          <li>
            <h6
              className="footer__hoffmann__title"
            >
              <div
                className="logo"
              />
              HOFFMANN.AI
            </h6>
          </li>
          <li
            className="footer__list__text"
          >
            Experts en Cloud, DevOps & InfraOps, Web.
          </li>
        </ul>
      </div>
      <div
        className="footer__inner__row__liens"
      >
        <ul
          className="footer__list"
        >
          <li>
            <h6
              className="footer__liens__title"
            >
              Liens
            </h6>
          </li>
          <li
            className="footer__list__other__row"
          >
            <a
              className="footer__list__link"
              href="/test/1/"
            >
              Test label 1
            </a>
          </li>
          <li
            className="footer__list__other__row"
          >
            <a
              className="footer__list__link"
              href="/test/2/"
            >
              Test label 2
            </a>
          </li>
          <li
            className="footer__list__other__row"
          >
            <a
              className="footer__list__link"
              href="/test/3/"
            >
              Test label 3
            </a>
          </li>
        </ul>
      </div>
      <div
        className="footer__inner__row"
      >
        <ul
          className="footer__list"
        >
          <li>
            <h6
              className="footer__legal__title"
            >
              Légal
            </h6>
          </li>
          <li
            className="footer__list__other__row"
          >
            <a
              className="footer__list__link"
              href="/#"
            >
              Politique de confidentialité
            </a>
          </li>
          <li
            className="footer__list__other__row"
          >
            <a
              className="footer__list__link"
              href="/#"
            >
              Conditions d'utilisation
            </a>
          </li>
          <li
            className="footer__list__other__row"
          >
            <a
              className="footer__list__link"
              href="/#"
            >
              Cookies
            </a>
          </li>
        </ul>
      </div>
      <div
        className="footer__inner__row__contact"
      >
        <ul
          className="footer__list"
        >
          <li>
            <h6
              className="footer__legal__title"
            >
              Contact
            </h6>
          </li>
          <li
            className="footer__list__first__row"
          >
            <a
              className="footer__list__link"
              href="mailto:contact@hoffmann.ai"
            >
              contact@hoffmann.ai
            </a>
          </li>
          <li
            className="footer__list__first__row"
          >
            <a
              className="footer__list__link"
              href="tel:+33 6 21 19 56 74"
            >
              +33 6 21 19 56 74
            </a>
          </li>
        </ul>
      </div>
    </div>
    <div
      className="footer__newsletter"
    >
      <div
        className="footer__newsletter__credits"
      >
        <p
          className="text_light"
        >
          ©2021 HOFFMANN.AI. Tous droits réservés.
        </p>
      </div>
      <div
        className="footer__newsletter__newsletter"
      >
        <div
          className="newsletter__module"
        >
          <div
            className="newsletter__module__inner"
          >
            <div
              className="newsletter__module__form"
            >
              <form
                className="newsletter__module__form__subscribe"
                onSubmit={[Function]}
              >
                <input
                  className="newsletter__module__form__subscribe__input"
                  id="email"
                  name="email"
                  onChange={[Function]}
                  placeholder="Newsletter"
                  required={true}
                  type="email"
                  value=""
                />
                <button
                  className="newsletter__module__form__subscribe__submit button"
                  type="submit"
                >
                  S'abonner
                </button>
                <h6
                  className="newsletter__module__form__message"
                >
                  
                </h6>
              </form>
            </div>
          </div>
        </div>
      </div>
    </div>
  </div>
</div>
`;
